// Jest Snapshot v1, https://goo.gl/fbAQLP

exports[`Test al componente <AddCategory /> El componente se debe mostrar correctamente 1`] = `
<form
  onSubmit={[Function]}
>
  <p />
   
  <input
    onChange={[Function]}
    type="text"
    value=""
  />
</form>
`;
